{"name":"aboutweb:master","hostname":"devbox","pid":26003,"level":30,"msg":"start\nadsfadf","time":"2015-08-19T08:25:40.368Z","src":{"file":"/home/parshap/projects/aboutlife/web/bin/master","line":93},"v":0}
{"v":0,"level":30,"name":"newrelic","hostname":"devbox","pid":26007,"time":"2015-08-19T08:25:40.604Z","msg":"Module not enabled in configuration; not starting."}
{"v":0,"level":30,"name":"newrelic","hostname":"devbox","pid":26011,"time":"2015-08-19T08:25:40.626Z","msg":"Module not enabled in configuration; not starting."}
{"name":"aboutweb:styles","hostname":"devbox","pid":26009,"level":40,"address":"styles-26003.sock","duration":5,"msg":"started","time":"2015-08-19T08:25:40.866Z","src":{"file":"/home/parshap/projects/aboutlife/web/bin/styles","line":78},"v":0}
{"name":"aboutweb:scripts","hostname":"devbox","pid":26008,"level":40,"address":"scripts-26003.sock","duration":730,"msg":"started","time":"2015-08-19T08:25:41.303Z","src":{"file":"/home/parshap/projects/aboutlife/web/bin/scripts","line":85},"v":0}
{"name":"aboutweb:styles","hostname":"devbox","pid":26009,"level":50,"duration":1673,"msg":"loaded styles","time":"2015-08-19T08:25:42.534Z","src":{"file":"/home/parshap/projects/aboutlife/web/bin/styles","line":27,"func":"stylesFn"},"v":0}
{"name":"aboutweb:web","hostname":"devbox","pid":26007,"level":30,"address":{"address":"0.0.0.0","family":"IPv4","port":8080},"duration":2322,"msg":"started","time":"2015-08-19T08:25:42.857Z","src":{"file":"/home/parshap/projects/aboutlife/web/bin/web","line":25},"v":0}
{"name":"aboutweb:styles:http","hostname":"devbox","pid":26009,"level":30,"req":{"method":"GET","url":"/","headers":{"host":"localhost","connection":"close"}},"res":{"statusCode":200,"header":"HTTP/1.1 200 OK\r\nContent-Type: text/css; charset=utf-8\r\nContent-Length: 579213\r\nDate: Wed, 19 Aug 2015 08:25:42 GMT\r\nLast-Modified: Wed, 19 Aug 2015 08:25:42 GMT\r\nETag: f73bb239edd5a1d18480f8273ea5b0c618221d48\r\nConnection: close\r\n\r\n"},"duration":6,"msg":"response","time":"2015-08-19T08:25:42.869Z","src":{"file":"/home/parshap/projects/aboutlife/web/lib/log-request.js","line":32},"v":0}
{"name":"aboutweb:renderer","hostname":"devbox","pid":26011,"level":20,"address":"renderer-26003.sock","duration":2980,"msg":"started","time":"2015-08-19T08:25:43.535Z","src":{"file":"/home/parshap/projects/aboutlife/web/bin/renderer","line":19},"v":0}
{"name":"aboutweb:styles:http","hostname":"devbox","pid":26009,"level":20,"req":{"method":"HEAD","url":"/","headers":{"host":"localhost","connection":"close"}},"res":{"statusCode":200,"header":"HTTP/1.1 200 OK\r\nContent-Type: text/css; charset=utf-8\r\nContent-Length: 579213\r\nDate: Wed, 19 Aug 2015 08:25:47 GMT\r\nLast-Modified: Wed, 19 Aug 2015 08:25:42 GMT\r\nETag: f73bb239edd5a1d18480f8273ea5b0c618221d48\r\nConnection: close\r\n\r\n"},"duration":3,"msg":"response","time":"2015-08-19T08:25:47.694Z","src":{"file":"/home/parshap/projects/aboutlife/web/lib/log-request.js","line":32},"v":0}
{"name":"aboutweb:styles:http","hostname":"devbox","pid":26009,"level":30,"req":{"method":"GET","url":"/","headers":{"accept":"text/css,*/*;q=0.1","accept-encoding":"gzip, deflate, sdch","host":"localhost","connection":"close"}},"res":{"statusCode":200,"header":"HTTP/1.1 200 OK\r\nContent-Type: text/css; charset=utf-8\r\nContent-Encoding: gzip\r\nContent-Length: 82728\r\nDate: Wed, 19 Aug 2015 08:25:47 GMT\r\nLast-Modified: Wed, 19 Aug 2015 08:25:42 GMT\r\nETag: f73bb239edd5a1d18480f8273ea5b0c618221d48\r\nConnection: close\r\n\r\n"},"duration":1,"msg":"response","time":"2015-08-19T08:25:47.695Z","src":{"file":"/home/parshap/projects/aboutlife/web/lib/log-request.js","line":32},"v":0}
{"name":"aboutweb:web:http","hostname":"devbox","pid":26007,"level":20,"req":{"method":"GET","url":"/styles/styles.css?1439972747739","headers":{"host":"aboutdev:8080","connection":"keep-alive","accept":"text/css,*/*;q=0.1","user-agent":"Mozilla/5.0 (Macintosh; Intel Mac OS X 10_10_4) AppleWebKit/537.36 (KHTML, like Gecko) Chrome/44.0.2403.130 Safari/537.36","referer":"http://aboutdev:8080/dashboard","accept-encoding":"gzip, deflate, sdch","accept-language":"en-US,en;q=0.8","cookie":"s=eyJ1c2VySWQiOiI1NWNhM2UyM2Q5ZGFkYjQzMzNjOTBhYTMiLCJwYXNzcG9ydCI6e30sImN1cnJlbnRTdGF0ZSI6eyJyZXRpcmVBZ2UiOjY3LCJmaW5pc2hlZFRvb2xzIjpbXX19; s.sig=E_xOMyTVoB55-hth9StbeOlnyoY"},"requestId":"e49db360-464b-11e5-85c0-71fc1d7a95fe","userId":"55ca3e23d9dadb4333c90aa3"},"res":{"statusCode":200,"header":"HTTP/1.1 200 OK\r\ncontent-type: text/css; charset=utf-8\r\ncontent-encoding: gzip\r\ncontent-length: 82728\r\ndate: Wed, 19 Aug 2015 08:25:47 GMT\r\nlast-modified: Wed, 19 Aug 2015 08:25:42 GMT\r\netag: f73bb239edd5a1d18480f8273ea5b0c618221d48\r\nconnection: close\r\n\r\n","requestId":"e49db360-464b-11e5-85c0-71fc1d7a95fe"},"duration":27,"msg":"response","time":"2015-08-19T08:25:47.699Z","src":{"file":"/home/parshap/projects/aboutlife/web/lib/log-request.js","line":32},"v":0}
{"name":"aboutweb:web:http","hostname":"devbox","pid":26007,"level":10,"req":{"method":"GET","url":"/fonts/fontawesome-webfont.woff2?v=4.3.0","headers":{"host":"aboutdev:8080","connection":"keep-alive","user-agent":"Mozilla/5.0 (Macintosh; Intel Mac OS X 10_10_4) AppleWebKit/537.36 (KHTML, like Gecko) Chrome/44.0.2403.130 Safari/537.36","accept":"*/*","referer":"http://aboutdev:8080/styles/styles.css?1439972747739","accept-encoding":"gzip, deflate, sdch","accept-language":"en-US,en;q=0.8","cookie":"s=eyJ1c2VySWQiOiI1NWNhM2UyM2Q5ZGFkYjQzMzNjOTBhYTMiLCJwYXNzcG9ydCI6e30sImN1cnJlbnRTdGF0ZSI6eyJyZXRpcmVBZ2UiOjY3LCJmaW5pc2hlZFRvb2xzIjpbXX19; s.sig=E_xOMyTVoB55-hth9StbeOlnyoY"},"remoteAddress":"10.1.1.1","remotePort":65505,"requestId":"e6bd8620-464b-11e5-85c0-71fc1d7a95fe"},"res":{"statusCode":200,"header":"HTTP/1.1 200 OK\r\nAccess-Control-Allow-Origin: *\r\nAccept-Ranges: bytes\r\nCache-Control: public, max-age=31536000\r\nContent-Type: application/font-woff2\r\nContent-Length: 56780\r\nDate: Wed, 19 Aug 2015 08:25:51 GMT\r\nConnection: keep-alive\r\n\r\n","requestId":"e6bd8620-464b-11e5-85c0-71fc1d7a95fe"},"duration":7,"msg":"response","time":"2015-08-19T08:25:51.241Z","src":{"file":"/home/parshap/projects/aboutlife/web/lib/log-request.js","line":32},"v":0}
{"name":"aboutweb:styles:http","hostname":"devbox","pid":26009,"level":10,"req":{"method":"HEAD","url":"/","headers":{"host":"localhost","connection":"close"}},"res":{"statusCode":200,"header":"HTTP/1.1 200 OK\r\nContent-Type: text/css; charset=utf-8\r\nContent-Length: 579213\r\nDate: Wed, 19 Aug 2015 08:25:53 GMT\r\nLast-Modified: Wed, 19 Aug 2015 08:25:42 GMT\r\nETag: f73bb239edd5a1d18480f8273ea5b0c618221d48\r\nConnection: close\r\n\r\n"},"duration":4,"msg":"response","time":"2015-08-19T08:25:53.513Z","src":{"file":"/home/parshap/projects/aboutlife/web/lib/log-request.js","line":32},"v":0}
{"name":"aboutweb:scripts:http","hostname":"devbox","pid":26008,"level":30,"req":{"method":"HEAD","url":"/","headers":{"host":"localhost","connection":"close"}},"res":{"statusCode":200,"header":"HTTP/1.1 200 OK\r\nContent-Type: text/javascript; charset=utf-8\r\nContent-Length: 4606394\r\nDate: Wed, 19 Aug 2015 08:26:02 GMT\r\nLast-Modified: Wed, 19 Aug 2015 08:26:02 GMT\r\nETag: f1ce500516614cfc0bc2865972f9c5f750b7cb03\r\nConnection: close\r\n\r\n"},"duration":8473,"msg":"response","time":"2015-08-19T08:26:02.230Z","src":{"file":"/home/parshap/projects/aboutlife/web/lib/log-request.js","line":32},"v":0}
{"name":"aboutweb:scripts","hostname":"devbox","pid":26008,"level":30,"duration":21136,"msg":"loaded scripts","time":"2015-08-19T08:26:02.430Z","src":{"file":"/home/parshap/projects/aboutlife/web/bin/scripts","line":27},"v":0}
{"name":"aboutweb:renderer:http","hostname":"devbox","pid":26011,"level":30,"req":{"method":"POST","url":"/","headers":{"accept":"text/html, application/json","host":"localhost","content-type":"application/json; charset=utf-8","content-length":"332984","connection":"close"}},"res":{"statusCode":200,"header":"HTTP/1.1 200 OK\r\nContent-Type: text/html; charset=utf-8\r\nContent-Length: 358932\r\nDate: Wed, 19 Aug 2015 08:26:02 GMT\r\nConnection: close\r\n\r\n"},"duration":300,"msg":"response","time":"2015-08-19T08:26:02.582Z","src":{"file":"/home/parshap/projects/aboutlife/web/lib/log-request.js","line":32},"v":0}
{"name":"aboutweb:web:http","hostname":"devbox","pid":26007,"level":30,"req":{"method":"GET","url":"/dashboard","headers":{"host":"aboutdev:8080","connection":"keep-alive","cache-control":"max-age=0","accept":"text/html,application/xhtml+xml,application/xml;q=0.9,image/webp,*/*;q=0.8","upgrade-insecure-requests":"1","user-agent":"Mozilla/5.0 (Macintosh; Intel Mac OS X 10_10_4) AppleWebKit/537.36 (KHTML, like Gecko) Chrome/44.0.2403.130 Safari/537.36","accept-encoding":"gzip, deflate, sdch","accept-language":"en-US,en;q=0.8","cookie":"s=eyJ1c2VySWQiOiI1NWNhM2UyM2Q5ZGFkYjQzMzNjOTBhYTMiLCJwYXNzcG9ydCI6e30sImN1cnJlbnRTdGF0ZSI6eyJyZXRpcmVBZ2UiOjY3LCJmaW5pc2hlZFRvb2xzIjpbXX19; s.sig=E_xOMyTVoB55-hth9StbeOlnyoY"},"remoteAddress":"10.1.1.1","remotePort":65505,"requestId":"e78da760-464b-11e5-85c0-71fc1d7a95fe","userId":"55ca3e23d9dadb4333c90aa3"},"res":{"statusCode":200,"header":"HTTP/1.1 200 OK\r\ncontent-type: text/html; charset=utf-8\r\ncontent-length: 358932\r\nDate: Wed, 19 Aug 2015 08:26:02 GMT\r\nConnection: keep-alive\r\n\r\n","requestId":"e78da760-464b-11e5-85c0-71fc1d7a95fe"},"duration":9988,"msg":"response","time":"2015-08-19T08:26:02.586Z","src":{"file":"/home/parshap/projects/aboutlife/web/lib/log-request.js","line":32},"v":0}
{"name":"aboutweb:web:http","hostname":"devbox","pid":26007,"level":30,"req":{"method":"GET","url":"/images/icon/plan-full.png","headers":{"host":"aboutdev:8080","connection":"keep-alive","cache-control":"max-age=0","accept":"image/webp,*/*;q=0.8","user-agent":"Mozilla/5.0 (Macintosh; Intel Mac OS X 10_10_4) AppleWebKit/537.36 (KHTML, like Gecko) Chrome/44.0.2403.130 Safari/537.36","referer":"http://aboutdev:8080/dashboard","accept-encoding":"gzip, deflate, sdch","accept-language":"en-US,en;q=0.8","cookie":"s=eyJ1c2VySWQiOiI1NWNhM2UyM2Q5ZGFkYjQzMzNjOTBhYTMiLCJwYXNzcG9ydCI6e30sImN1cnJlbnRTdGF0ZSI6eyJyZXRpcmVBZ2UiOjY3LCJmaW5pc2hlZFRvb2xzIjpbXX19; s.sig=E_xOMyTVoB55-hth9StbeOlnyoY"},"remoteAddress":"10.1.1.1","remotePort":65511,"requestId":"ed9562b1-464b-11e5-85c0-71fc1d7a95fe"},"res":{"statusCode":200,"header":"HTTP/1.1 200 OK\r\nAccess-Control-Allow-Origin: *\r\nAccept-Ranges: bytes\r\nCache-Control: public, max-age=31536000\r\nContent-Type: image/png\r\nContent-Length: 398\r\nDate: Wed, 19 Aug 2015 08:26:02 GMT\r\nConnection: keep-alive\r\n\r\n","requestId":"ed9562b1-464b-11e5-85c0-71fc1d7a95fe"},"duration":21,"msg":"response","time":"2015-08-19T08:26:02.736Z","src":{"file":"/home/parshap/projects/aboutlife/web/lib/log-request.js","line":32},"v":0}
{"name":"aboutweb:styles:http","hostname":"devbox","pid":26009,"level":30,"req":{"method":"HEAD","url":"/","headers":{"host":"localhost","connection":"close"}},"res":{"statusCode":200,"header":"HTTP/1.1 200 OK\r\nContent-Type: text/css; charset=utf-8\r\nContent-Length: 579213\r\nDate: Wed, 19 Aug 2015 08:26:02 GMT\r\nLast-Modified: Wed, 19 Aug 2015 08:25:42 GMT\r\nETag: f73bb239edd5a1d18480f8273ea5b0c618221d48\r\nConnection: close\r\n\r\n"},"duration":4,"msg":"response","time":"2015-08-19T08:26:02.736Z","src":{"file":"/home/parshap/projects/aboutlife/web/lib/log-request.js","line":32},"v":0}
{"name":"aboutweb:styles:http","hostname":"devbox","pid":26009,"level":30,"req":{"method":"GET","url":"/","headers":{"accept":"text/css,*/*;q=0.1","accept-encoding":"gzip, deflate, sdch","host":"localhost","connection":"close"}},"res":{"statusCode":200,"header":"HTTP/1.1 200 OK\r\nContent-Type: text/css; charset=utf-8\r\nContent-Encoding: gzip\r\nContent-Length: 82728\r\nDate: Wed, 19 Aug 2015 08:26:02 GMT\r\nLast-Modified: Wed, 19 Aug 2015 08:25:42 GMT\r\nETag: f73bb239edd5a1d18480f8273ea5b0c618221d48\r\nConnection: close\r\n\r\n"},"duration":1,"msg":"response","time":"2015-08-19T08:26:02.739Z","src":{"file":"/home/parshap/projects/aboutlife/web/lib/log-request.js","line":32},"v":0}
{"name":"aboutweb:scripts:http","hostname":"devbox","pid":26008,"level":30,"req":{"method":"HEAD","url":"/","headers":{"host":"localhost","connection":"close"}},"res":{"statusCode":200,"header":"HTTP/1.1 200 OK\r\nContent-Type: text/javascript; charset=utf-8\r\nContent-Length: 4606394\r\nDate: Wed, 19 Aug 2015 08:26:02 GMT\r\nLast-Modified: Wed, 19 Aug 2015 08:26:02 GMT\r\nETag: f1ce500516614cfc0bc2865972f9c5f750b7cb03\r\nConnection: close\r\n\r\n"},"duration":2,"msg":"response","time":"2015-08-19T08:26:02.739Z","src":{"file":"/home/parshap/projects/aboutlife/web/lib/log-request.js","line":32},"v":0}
{"name":"aboutweb:web:http","hostname":"devbox","pid":26007,"level":30,"req":{"method":"GET","url":"/styles/f73bb239edd5a1d18480f8273ea5b0c618221d48.css","headers":{"host":"aboutdev:8080","connection":"keep-alive","cache-control":"max-age=0","accept":"text/css,*/*;q=0.1","user-agent":"Mozilla/5.0 (Macintosh; Intel Mac OS X 10_10_4) AppleWebKit/537.36 (KHTML, like Gecko) Chrome/44.0.2403.130 Safari/537.36","referer":"http://aboutdev:8080/dashboard","accept-encoding":"gzip, deflate, sdch","accept-language":"en-US,en;q=0.8","cookie":"s=eyJ1c2VySWQiOiI1NWNhM2UyM2Q5ZGFkYjQzMzNjOTBhYTMiLCJwYXNzcG9ydCI6e30sImN1cnJlbnRTdGF0ZSI6eyJyZXRpcmVBZ2UiOjY3LCJmaW5pc2hlZFRvb2xzIjpbXX19; s.sig=E_xOMyTVoB55-hth9StbeOlnyoY"},"requestId":"ed951490-464b-11e5-85c0-71fc1d7a95fe","userId":"55ca3e23d9dadb4333c90aa3"},"res":{"statusCode":200,"header":"HTTP/1.1 200 OK\r\ncache-control: public, max-age=31536000\r\ncontent-type: text/css; charset=utf-8\r\ncontent-encoding: gzip\r\ncontent-length: 82728\r\ndate: Wed, 19 Aug 2015 08:26:02 GMT\r\nlast-modified: Wed, 19 Aug 2015 08:25:42 GMT\r\netag: f73bb239edd5a1d18480f8273ea5b0c618221d48\r\nconnection: close\r\n\r\n","requestId":"ed951490-464b-11e5-85c0-71fc1d7a95fe"},"duration":30,"msg":"response","time":"2015-08-19T08:26:02.743Z","src":{"file":"/home/parshap/projects/aboutlife/web/lib/log-request.js","line":32},"v":0}
{"name":"aboutweb:web:http","hostname":"devbox","pid":26007,"level":30,"req":{"method":"GET","url":"/images/icon/icn-tool-budget.2.png","headers":{"host":"aboutdev:8080","connection":"keep-alive","cache-control":"max-age=0","accept":"image/webp,*/*;q=0.8","user-agent":"Mozilla/5.0 (Macintosh; Intel Mac OS X 10_10_4) AppleWebKit/537.36 (KHTML, like Gecko) Chrome/44.0.2403.130 Safari/537.36","referer":"http://aboutdev:8080/dashboard","accept-encoding":"gzip, deflate, sdch","accept-language":"en-US,en;q=0.8","cookie":"s=eyJ1c2VySWQiOiI1NWNhM2UyM2Q5ZGFkYjQzMzNjOTBhYTMiLCJwYXNzcG9ydCI6e30sImN1cnJlbnRTdGF0ZSI6eyJyZXRpcmVBZ2UiOjY3LCJmaW5pc2hlZFRvb2xzIjpbXX19; s.sig=E_xOMyTVoB55-hth9StbeOlnyoY"},"remoteAddress":"10.1.1.1","remotePort":65511,"requestId":"ed993340-464b-11e5-85c0-71fc1d7a95fe"},"res":{"statusCode":200,"header":"HTTP/1.1 200 OK\r\nAccess-Control-Allow-Origin: *\r\nAccept-Ranges: bytes\r\nCache-Control: public, max-age=31536000\r\nContent-Type: image/png\r\nContent-Length: 20353\r\nDate: Wed, 19 Aug 2015 08:26:02 GMT\r\nConnection: keep-alive\r\n\r\n","requestId":"ed993340-464b-11e5-85c0-71fc1d7a95fe"},"duration":7,"msg":"response","time":"2015-08-19T08:26:02.747Z","src":{"file":"/home/parshap/projects/aboutlife/web/lib/log-request.js","line":32},"v":0}
{"name":"aboutweb:scripts:http","hostname":"devbox","pid":26008,"level":30,"req":{"method":"GET","url":"/","headers":{"accept":"*/*","accept-encoding":"gzip, deflate, sdch","host":"localhost","connection":"close"}},"res":{"statusCode":200,"header":"HTTP/1.1 200 OK\r\nContent-Type: text/javascript; charset=utf-8\r\nContent-Encoding: gzip\r\nContent-Length: 827069\r\nDate: Wed, 19 Aug 2015 08:26:02 GMT\r\nLast-Modified: Wed, 19 Aug 2015 08:26:02 GMT\r\nETag: f1ce500516614cfc0bc2865972f9c5f750b7cb03\r\nConnection: close\r\n\r\n"},"duration":2,"msg":"response","time":"2015-08-19T08:26:02.747Z","src":{"file":"/home/parshap/projects/aboutlife/web/lib/log-request.js","line":32},"v":0}
{"name":"aboutweb:web:http","hostname":"devbox","pid":26007,"level":30,"req":{"method":"GET","url":"/images/icon/icn-tool-location.2.png","headers":{"host":"aboutdev:8080","connection":"keep-alive","cache-control":"max-age=0","accept":"image/webp,*/*;q=0.8","user-agent":"Mozilla/5.0 (Macintosh; Intel Mac OS X 10_10_4) AppleWebKit/537.36 (KHTML, like Gecko) Chrome/44.0.2403.130 Safari/537.36","referer":"http://aboutdev:8080/dashboard","accept-encoding":"gzip, deflate, sdch","accept-language":"en-US,en;q=0.8","cookie":"s=eyJ1c2VySWQiOiI1NWNhM2UyM2Q5ZGFkYjQzMzNjOTBhYTMiLCJwYXNzcG9ydCI6e30sImN1cnJlbnRTdGF0ZSI6eyJyZXRpcmVBZ2UiOjY3LCJmaW5pc2hlZFRvb2xzIjpbXX19; s.sig=E_xOMyTVoB55-hth9StbeOlnyoY"},"remoteAddress":"10.1.1.1","remotePort":65511,"requestId":"ed9b2f10-464b-11e5-85c0-71fc1d7a95fe"},"res":{"statusCode":400,"header":"HTTP/1.1 200 OK\r\nAccess-Control-Allow-Origin: *\r\nAccept-Ranges: bytes\r\nCache-Control: public, max-age=31536000\r\nContent-Type: image/png\r\nContent-Length: 21019\r\nDate: Wed, 19 Aug 2015 08:26:02 GMT\r\nConnection: keep-alive\r\n\r\n","requestId":"ed9b2f10-464b-11e5-85c0-71fc1d7a95fe"},"duration":2,"msg":"response","time":"2015-08-19T08:26:02.755Z","src":{"file":"/home/parshap/projects/aboutlife/web/lib/log-request.js","line":32},"v":0}
{"name":"aboutweb:web:http","hostname":"devbox","pid":26007,"level":30,"req":{"method":"GET","url":"/images/icon/icn-tool-social-security.2.png","headers":{"host":"aboutdev:8080","connection":"keep-alive","cache-control":"max-age=0","accept":"image/webp,*/*;q=0.8","user-agent":"Mozilla/5.0 (Macintosh; Intel Mac OS X 10_10_4) AppleWebKit/537.36 (KHTML, like Gecko) Chrome/44.0.2403.130 Safari/537.36","referer":"http://aboutdev:8080/dashboard","accept-encoding":"gzip, deflate, sdch","accept-language":"en-US,en;q=0.8","cookie":"s=eyJ1c2VySWQiOiI1NWNhM2UyM2Q5ZGFkYjQzMzNjOTBhYTMiLCJwYXNzcG9ydCI6e30sImN1cnJlbnRTdGF0ZSI6eyJyZXRpcmVBZ2UiOjY3LCJmaW5pc2hlZFRvb2xzIjpbXX19; s.sig=E_xOMyTVoB55-hth9StbeOlnyoY"},"remoteAddress":"10.1.1.1","remotePort":65511,"requestId":"ed9bcb50-464b-11e5-85c0-71fc1d7a95fe"},"res":{"statusCode":500,"header":"HTTP/1.1 200 OK\r\nAccess-Control-Allow-Origin: *\r\nAccept-Ranges: bytes\r\nCache-Control: public, max-age=31536000\r\nContent-Type: image/png\r\nContent-Length: 24389\r\nDate: Wed, 19 Aug 2015 08:26:02 GMT\r\nConnection: keep-alive\r\n\r\n","requestId":"ed9bcb50-464b-11e5-85c0-71fc1d7a95fe"},"duration":2,"msg":"response","time":"2015-08-19T08:26:02.759Z","src":{"file":"/home/parshap/projects/aboutlife/web/lib/log-request.js","line":32},"v":0}
{"name":"aboutweb:web:http","hostname":"devbox","pid":26007,"level":30,"req":{"method":"GET","url":"/scripts/f1ce500516614cfc0bc2865972f9c5f750b7cb03.js","headers":{"host":"aboutdev:8080","connection":"keep-alive","cache-control":"max-age=0","accept":"*/*","user-agent":"Mozilla/5.0 (Macintosh; Intel Mac OS X 10_10_4) AppleWebKit/537.36 (KHTML, like Gecko) Chrome/44.0.2403.130 Safari/537.36","referer":"http://aboutdev:8080/dashboard","accept-encoding":"gzip, deflate, sdch","accept-language":"en-US,en;q=0.8","cookie":"s=eyJ1c2VySWQiOiI1NWNhM2UyM2Q5ZGFkYjQzMzNjOTBhYTMiLCJwYXNzcG9ydCI6e30sImN1cnJlbnRTdGF0ZSI6eyJyZXRpcmVBZ2UiOjY3LCJmaW5pc2hlZFRvb2xzIjpbXX19; s.sig=E_xOMyTVoB55-hth9StbeOlnyoY"},"requestId":"ed9562b0-464b-11e5-85c0-71fc1d7a95fe","userId":"55ca3e23d9dadb4333c90aa3"},"res":{"statusCode":400,"header":"HTTP/1.1 200 OK\r\ncache-control: public, max-age=31536000\r\ncontent-type: text/javascript; charset=utf-8\r\ncontent-encoding: gzip\r\ncontent-length: 827069\r\ndate: Wed, 19 Aug 2015 08:26:02 GMT\r\nlast-modified: Wed, 19 Aug 2015 08:26:02 GMT\r\netag: f1ce500516614cfc0bc2865972f9c5f750b7cb03\r\nconnection: close\r\n\r\n","requestId":"ed9562b0-464b-11e5-85c0-71fc1d7a95fe"},"duration":67,"msg":"response","time":"2015-08-19T08:26:02.782Z","src":{"file":"/home/parshap/projects/aboutlife/web/lib/log-request.js","line":32},"v":0}
{"name":"aboutweb:web:http","hostname":"devbox","pid":26007,"level":30,"req":{"method":"GET","url":"/images/badges/norton.png","headers":{"host":"aboutdev:8080","connection":"keep-alive","cache-control":"max-age=0","accept":"image/webp,*/*;q=0.8","user-agent":"Mozilla/5.0 (Macintosh; Intel Mac OS X 10_10_4) AppleWebKit/537.36 (KHTML, like Gecko) Chrome/44.0.2403.130 Safari/537.36","referer":"http://aboutdev:8080/dashboard","accept-encoding":"gzip, deflate, sdch","accept-language":"en-US,en;q=0.8","cookie":"s=eyJ1c2VySWQiOiI1NWNhM2UyM2Q5ZGFkYjQzMzNjOTBhYTMiLCJwYXNzcG9ydCI6e30sImN1cnJlbnRTdGF0ZSI6eyJyZXRpcmVBZ2UiOjY3LCJmaW5pc2hlZFRvb2xzIjpbXX19; s.sig=E_xOMyTVoB55-hth9StbeOlnyoY"},"remoteAddress":"10.1.1.1","remotePort":65511,"requestId":"eda938d0-464b-11e5-85c0-71fc1d7a95fe"},"res":{"statusCode":200,"header":"HTTP/1.1 200 OK\r\nAccess-Control-Allow-Origin: *\r\nAccept-Ranges: bytes\r\nCache-Control: public, max-age=31536000\r\nContent-Type: image/png\r\nContent-Length: 19840\r\nDate: Wed, 19 Aug 2015 08:26:02 GMT\r\nConnection: keep-alive\r\n\r\n","requestId":"eda938d0-464b-11e5-85c0-71fc1d7a95fe"},"duration":3,"msg":"response","time":"2015-08-19T08:26:02.848Z","src":{"file":"/home/parshap/projects/aboutlife/web/lib/log-request.js","line":32},"v":0}
{"name":"aboutweb:web:http","hostname":"devbox","pid":26007,"level":30,"req":{"method":"GET","url":"/images/logo.svg","headers":{"host":"aboutdev:8080","connection":"keep-alive","cache-control":"max-age=0","accept":"image/webp,*/*;q=0.8","user-agent":"Mozilla/5.0 (Macintosh; Intel Mac OS X 10_10_4) AppleWebKit/537.36 (KHTML, like Gecko) Chrome/44.0.2403.130 Safari/537.36","referer":"http://aboutdev:8080/styles/f73bb239edd5a1d18480f8273ea5b0c618221d48.css","accept-encoding":"gzip, deflate, sdch","accept-language":"en-US,en;q=0.8","cookie":"s=eyJ1c2VySWQiOiI1NWNhM2UyM2Q5ZGFkYjQzMzNjOTBhYTMiLCJwYXNzcG9ydCI6e30sImN1cnJlbnRTdGF0ZSI6eyJyZXRpcmVBZ2UiOjY3LCJmaW5pc2hlZFRvb2xzIjpbXX19; s.sig=E_xOMyTVoB55-hth9StbeOlnyoY"},"remoteAddress":"10.1.1.1","remotePort":65511,"requestId":"edd1a860-464b-11e5-85c0-71fc1d7a95fe"},"res":{"statusCode":200,"header":"HTTP/1.1 200 OK\r\nAccess-Control-Allow-Origin: *\r\nAccept-Ranges: bytes\r\nCache-Control: public, max-age=31536000\r\nContent-Type: image/svg+xml\r\nContent-Length: 2017\r\nDate: Wed, 19 Aug 2015 08:26:03 GMT\r\nConnection: keep-alive\r\n\r\n","requestId":"edd1a860-464b-11e5-85c0-71fc1d7a95fe"},"duration":2,"msg":"response","time":"2015-08-19T08:26:03.112Z","src":{"file":"/home/parshap/projects/aboutlife/web/lib/log-request.js","line":32},"v":0}
{"name":"aboutweb:web:http","hostname":"devbox","pid":26007,"level":30,"req":{"method":"GET","url":"/blog/You-Should-Get-35k-More-From-Social-Security/social_security_card_money_small.jpg","headers":{"host":"aboutdev:8080","connection":"keep-alive","cache-control":"max-age=0","accept":"image/webp,*/*;q=0.8","user-agent":"Mozilla/5.0 (Macintosh; Intel Mac OS X 10_10_4) AppleWebKit/537.36 (KHTML, like Gecko) Chrome/44.0.2403.130 Safari/537.36","referer":"http://aboutdev:8080/dashboard","accept-encoding":"gzip, deflate, sdch","accept-language":"en-US,en;q=0.8","cookie":"s=eyJ1c2VySWQiOiI1NWNhM2UyM2Q5ZGFkYjQzMzNjOTBhYTMiLCJwYXNzcG9ydCI6e30sImN1cnJlbnRTdGF0ZSI6eyJyZXRpcmVBZ2UiOjY3LCJmaW5pc2hlZFRvb2xzIjpbXX19; s.sig=E_xOMyTVoB55-hth9StbeOlnyoY"},"remoteAddress":"10.1.1.1","remotePort":65517,"requestId":"edd307f0-464b-11e5-85c0-71fc1d7a95fe"},"res":{"statusCode":200,"header":"HTTP/1.1 200 OK\r\nAccess-Control-Allow-Origin: *\r\nAccept-Ranges: bytes\r\nCache-Control: public, max-age=31536000\r\nContent-Type: image/jpeg\r\nContent-Length: 34578\r\nDate: Wed, 19 Aug 2015 08:26:03 GMT\r\nConnection: keep-alive\r\n\r\n","requestId":"edd307f0-464b-11e5-85c0-71fc1d7a95fe"},"duration":4,"msg":"response","time":"2015-08-19T08:26:03.124Z","src":{"file":"/home/parshap/projects/aboutlife/web/lib/log-request.js","line":32},"v":0}
{"name":"aboutweb:web:http","hostname":"devbox","pid":26007,"level":30,"req":{"method":"GET","url":"/blog/How-Much-Will-I-Make-in-10-Years/time_is_money_small.jpg","headers":{"host":"aboutdev:8080","connection":"keep-alive","cache-control":"max-age=0","accept":"image/webp,*/*;q=0.8","user-agent":"Mozilla/5.0 (Macintosh; Intel Mac OS X 10_10_4) AppleWebKit/537.36 (KHTML, like Gecko) Chrome/44.0.2403.130 Safari/537.36","referer":"http://aboutdev:8080/dashboard","accept-encoding":"gzip, deflate, sdch","accept-language":"en-US,en;q=0.8","cookie":"s=eyJ1c2VySWQiOiI1NWNhM2UyM2Q5ZGFkYjQzMzNjOTBhYTMiLCJwYXNzcG9ydCI6e30sImN1cnJlbnRTdGF0ZSI6eyJyZXRpcmVBZ2UiOjY3LCJmaW5pc2hlZFRvb2xzIjpbXX19; s.sig=E_xOMyTVoB55-hth9StbeOlnyoY"},"remoteAddress":"10.1.1.1","remotePort":65511,"requestId":"edd32f00-464b-11e5-85c0-71fc1d7a95fe"},"res":{"statusCode":200,"header":"HTTP/1.1 200 OK\r\nAccess-Control-Allow-Origin: *\r\nAccept-Ranges: bytes\r\nCache-Control: public, max-age=31536000\r\nContent-Type: image/jpeg\r\nContent-Length: 25230\r\nDate: Wed, 19 Aug 2015 08:26:03 GMT\r\nConnection: keep-alive\r\n\r\n","requestId":"edd32f00-464b-11e5-85c0-71fc1d7a95fe"},"duration":7,"msg":"response","time":"2015-08-19T08:26:03.127Z","src":{"file":"/home/parshap/projects/aboutlife/web/lib/log-request.js","line":32},"v":0}
{"name":"aboutweb:web:http","hostname":"devbox","pid":26007,"level":30,"req":{"method":"GET","url":"/fonts/fontawesome-webfont.woff2?v=4.3.0","headers":{"host":"aboutdev:8080","connection":"keep-alive","cache-control":"max-age=0","user-agent":"Mozilla/5.0 (Macintosh; Intel Mac OS X 10_10_4) AppleWebKit/537.36 (KHTML, like Gecko) Chrome/44.0.2403.130 Safari/537.36","accept":"*/*","referer":"http://aboutdev:8080/styles/f73bb239edd5a1d18480f8273ea5b0c618221d48.css","accept-encoding":"gzip, deflate, sdch","accept-language":"en-US,en;q=0.8","cookie":"s=eyJ1c2VySWQiOiI1NWNhM2UyM2Q5ZGFkYjQzMzNjOTBhYTMiLCJwYXNzcG9ydCI6e30sImN1cnJlbnRTdGF0ZSI6eyJyZXRpcmVBZ2UiOjY3LCJmaW5pc2hlZFRvb2xzIjpbXX19; s.sig=E_xOMyTVoB55-hth9StbeOlnyoY"},"remoteAddress":"10.1.1.1","remotePort":65518,"requestId":"edd35610-464b-11e5-85c0-71fc1d7a95fe"},"res":{"statusCode":200,"header":"HTTP/1.1 200 OK\r\nAccess-Control-Allow-Origin: *\r\nAccept-Ranges: bytes\r\nCache-Control: public, max-age=31536000\r\nContent-Type: application/font-woff2\r\nContent-Length: 56780\r\nDate: Wed, 19 Aug 2015 08:26:03 GMT\r\nConnection: keep-alive\r\n\r\n","requestId":"edd35610-464b-11e5-85c0-71fc1d7a95fe"},"duration":7,"msg":"response","time":"2015-08-19T08:26:03.128Z","src":{"file":"/home/parshap/projects/aboutlife/web/lib/log-request.js","line":32},"v":0}
{"name":"aboutweb:web:http","hostname":"devbox","pid":26007,"level":30,"req":{"method":"GET","url":"/blog/How-Do-You-Make-Decisions/choose_post.jpg","headers":{"host":"aboutdev:8080","connection":"keep-alive","cache-control":"max-age=0","accept":"image/webp,*/*;q=0.8","user-agent":"Mozilla/5.0 (Macintosh; Intel Mac OS X 10_10_4) AppleWebKit/537.36 (KHTML, like Gecko) Chrome/44.0.2403.130 Safari/537.36","referer":"http://aboutdev:8080/dashboard","accept-encoding":"gzip, deflate, sdch","accept-language":"en-US,en;q=0.8","cookie":"s=eyJ1c2VySWQiOiI1NWNhM2UyM2Q5ZGFkYjQzMzNjOTBhYTMiLCJwYXNzcG9ydCI6e30sImN1cnJlbnRTdGF0ZSI6eyJyZXRpcmVBZ2UiOjY3LCJmaW5pc2hlZFRvb2xzIjpbXX19; s.sig=E_xOMyTVoB55-hth9StbeOlnyoY"},"remoteAddress":"10.1.1.1","remotePort":65516,"requestId":"edd2e0e0-464b-11e5-85c0-71fc1d7a95fe"},"res":{"statusCode":200,"header":"HTTP/1.1 200 OK\r\nAccess-Control-Allow-Origin: *\r\nAccept-Ranges: bytes\r\nCache-Control: public, max-age=31536000\r\nContent-Type: image/jpeg\r\nContent-Length: 97833\r\nDate: Wed, 19 Aug 2015 08:26:03 GMT\r\nConnection: keep-alive\r\n\r\n","requestId":"edd2e0e0-464b-11e5-85c0-71fc1d7a95fe"},"duration":12,"msg":"response","time":"2015-08-19T08:26:03.130Z","src":{"file":"/home/parshap/projects/aboutlife/web/lib/log-request.js","line":32},"v":0}
{"name":"aboutweb:web:http","hostname":"devbox","pid":26007,"level":30,"req":{"method":"GET","url":"/blog/12-Tips-To-Get-Mentally-Ready-To-Retire/retirement_selfie_small.png","headers":{"host":"aboutdev:8080","connection":"keep-alive","cache-control":"max-age=0","accept":"image/webp,*/*;q=0.8","user-agent":"Mozilla/5.0 (Macintosh; Intel Mac OS X 10_10_4) AppleWebKit/537.36 (KHTML, like Gecko) Chrome/44.0.2403.130 Safari/537.36","referer":"http://aboutdev:8080/dashboard","accept-encoding":"gzip, deflate, sdch","accept-language":"en-US,en;q=0.8","cookie":"s=eyJ1c2VySWQiOiI1NWNhM2UyM2Q5ZGFkYjQzMzNjOTBhYTMiLCJwYXNzcG9ydCI6e30sImN1cnJlbnRTdGF0ZSI6eyJyZXRpcmVBZ2UiOjY3LCJmaW5pc2hlZFRvb2xzIjpbXX19; s.sig=E_xOMyTVoB55-hth9StbeOlnyoY"},"remoteAddress":"10.1.1.1","remotePort":65519,"requestId":"edd35611-464b-11e5-85c0-71fc1d7a95fe"},"res":{"statusCode":200,"header":"HTTP/1.1 200 OK\r\nAccess-Control-Allow-Origin: *\r\nAccept-Ranges: bytes\r\nCache-Control: public, max-age=31536000\r\nContent-Type: image/png\r\nContent-Length: 59900\r\nDate: Wed, 19 Aug 2015 08:26:03 GMT\r\nConnection: keep-alive\r\n\r\n","requestId":"edd35611-464b-11e5-85c0-71fc1d7a95fe"},"duration":10,"msg":"response","time":"2015-08-19T08:26:03.131Z","src":{"file":"/home/parshap/projects/aboutlife/web/lib/log-request.js","line":32},"v":0}
{"name":"aboutweb:web:http","hostname":"devbox","pid":26007,"level":30,"req":{"method":"POST","url":"/api/user/rpc/forecast-minretireage","headers":{"host":"aboutdev:8080","connection":"keep-alive","content-length":"26179","accept":"application/json","origin":"http://aboutdev:8080","x-requested-with":"XMLHttpRequest","user-agent":"Mozilla/5.0 (Macintosh; Intel Mac OS X 10_10_4) AppleWebKit/537.36 (KHTML, like Gecko) Chrome/44.0.2403.130 Safari/537.36","content-type":"application/json","referer":"http://aboutdev:8080/dashboard","accept-encoding":"gzip, deflate","accept-language":"en-US,en;q=0.8","cookie":"s=eyJ1c2VySWQiOiI1NWNhM2UyM2Q5ZGFkYjQzMzNjOTBhYTMiLCJwYXNzcG9ydCI6e30sImN1cnJlbnRTdGF0ZSI6eyJyZXRpcmVBZ2UiOjY3LCJmaW5pc2hlZFRvb2xzIjpbXX19; s.sig=E_xOMyTVoB55-hth9StbeOlnyoY"},"remoteAddress":"10.1.1.1","remotePort":65518,"requestId":"ef660400-464b-11e5-85c0-71fc1d7a95fe","userId":"55ca3e23d9dadb4333c90aa3"},"res":{"statusCode":200,"header":"HTTP/1.1 200 OK\r\nContent-Type: application/json; charset=utf-8\r\nContent-Length: 10586\r\nETag: W/\"295a-YHAsSMOHSotCq5UeQbwFKQ\"\r\nDate: Wed, 19 Aug 2015 08:26:06 GMT\r\nConnection: keep-alive\r\n\r\n","requestId":"ef660400-464b-11e5-85c0-71fc1d7a95fe"},"duration":833,"msg":"response","time":"2015-08-19T08:26:06.594Z","src":{"file":"/home/parshap/projects/aboutlife/web/lib/log-request.js","line":32},"v":0}
{"name":"aboutweb:scripts:http","hostname":"devbox","pid":26008,"level":30,"req":{"method":"HEAD","url":"/","headers":{"host":"localhost","connection":"close"}},"res":{"statusCode":200,"header":"HTTP/1.1 200 OK\r\nContent-Type: text/javascript; charset=utf-8\r\nContent-Length: 4606394\r\nDate: Wed, 19 Aug 2015 08:26:11 GMT\r\nLast-Modified: Wed, 19 Aug 2015 08:26:02 GMT\r\nETag: f1ce500516614cfc0bc2865972f9c5f750b7cb03\r\nConnection: close\r\n\r\n"},"duration":1,"msg":"response","time":"2015-08-19T08:26:11.743Z","src":{"file":"/home/parshap/projects/aboutlife/web/lib/log-request.js","line":32},"v":0}
{"name":"aboutweb:styles:http","hostname":"devbox","pid":26009,"level":30,"req":{"method":"HEAD","url":"/","headers":{"host":"localhost","connection":"close"}},"res":{"statusCode":200,"header":"HTTP/1.1 200 OK\r\nContent-Type: text/css; charset=utf-8\r\nContent-Length: 579213\r\nDate: Wed, 19 Aug 2015 08:26:11 GMT\r\nLast-Modified: Wed, 19 Aug 2015 08:25:42 GMT\r\nETag: f73bb239edd5a1d18480f8273ea5b0c618221d48\r\nConnection: close\r\n\r\n"},"duration":4,"msg":"response","time":"2015-08-19T08:26:11.746Z","src":{"file":"/home/parshap/projects/aboutlife/web/lib/log-request.js","line":32},"v":0}
{"name":"aboutweb:renderer:http","hostname":"devbox","pid":26011,"level":30,"req":{"method":"POST","url":"/","headers":{"accept":"text/html, application/json","host":"localhost","content-type":"application/json; charset=utf-8","content-length":"332984","connection":"close"}},"res":{"statusCode":200,"header":"HTTP/1.1 200 OK\r\nContent-Type: text/html; charset=utf-8\r\nContent-Length: 358931\r\nDate: Wed, 19 Aug 2015 08:26:12 GMT\r\nConnection: close\r\n\r\n"},"duration":274,"msg":"response","time":"2015-08-19T08:26:12.060Z","src":{"file":"/home/parshap/projects/aboutlife/web/lib/log-request.js","line":32},"v":0}
{"name":"aboutweb:web:http","hostname":"devbox","pid":26007,"level":30,"req":{"method":"GET","url":"/dashboard","headers":{"host":"aboutdev:8080","connection":"keep-alive","pragma":"no-cache","cache-control":"no-cache","accept":"text/html,application/xhtml+xml,application/xml;q=0.9,image/webp,*/*;q=0.8","upgrade-insecure-requests":"1","user-agent":"Mozilla/5.0 (Macintosh; Intel Mac OS X 10_10_4) AppleWebKit/537.36 (KHTML, like Gecko) Chrome/44.0.2403.130 Safari/537.36","accept-encoding":"gzip, deflate, sdch","accept-language":"en-US,en;q=0.8","cookie":"s=eyJ1c2VySWQiOiI1NWNhM2UyM2Q5ZGFkYjQzMzNjOTBhYTMiLCJwYXNzcG9ydCI6e30sImN1cnJlbnRTdGF0ZSI6eyJyZXRpcmVBZ2UiOjY3LCJmaW5pc2hlZFRvb2xzIjpbXX19; s.sig=E_xOMyTVoB55-hth9StbeOlnyoY"},"remoteAddress":"10.1.1.1","remotePort":65518,"requestId":"f273e040-464b-11e5-85c0-71fc1d7a95fe","userId":"55ca3e23d9dadb4333c90aa3"},"res":{"statusCode":200,"header":"HTTP/1.1 200 OK\r\ncontent-type: text/html; charset=utf-8\r\ncontent-length: 358931\r\nDate: Wed, 19 Aug 2015 08:26:12 GMT\r\nConnection: keep-alive\r\n\r\n","requestId":"f273e040-464b-11e5-85c0-71fc1d7a95fe"},"duration":1179,"msg":"response","time":"2015-08-19T08:26:12.064Z","src":{"file":"/home/parshap/projects/aboutlife/web/lib/log-request.js","line":32},"v":0}
{"name":"aboutweb:web:http","hostname":"devbox","pid":26007,"level":30,"req":{"method":"GET","url":"/images/icon/plan-full.png","headers":{"host":"aboutdev:8080","connection":"keep-alive","pragma":"no-cache","cache-control":"no-cache","accept":"image/webp,*/*;q=0.8","user-agent":"Mozilla/5.0 (Macintosh; Intel Mac OS X 10_10_4) AppleWebKit/537.36 (KHTML, like Gecko) Chrome/44.0.2403.130 Safari/537.36","referer":"http://aboutdev:8080/dashboard","accept-encoding":"gzip, deflate, sdch","accept-language":"en-US,en;q=0.8","cookie":"s=eyJ1c2VySWQiOiI1NWNhM2UyM2Q5ZGFkYjQzMzNjOTBhYTMiLCJwYXNzcG9ydCI6e30sImN1cnJlbnRTdGF0ZSI6eyJyZXRpcmVBZ2UiOjY3LCJmaW5pc2hlZFRvb2xzIjpbXX19; s.sig=E_xOMyTVoB55-hth9StbeOlnyoY"},"remoteAddress":"10.1.1.1","remotePort":65519,"requestId":"f338b6e0-464b-11e5-85c0-71fc1d7a95fe"},"res":{"statusCode":200,"header":"HTTP/1.1 200 OK\r\nAccess-Control-Allow-Origin: *\r\nAccept-Ranges: bytes\r\nCache-Control: public, max-age=31536000\r\nContent-Type: image/png\r\nContent-Length: 398\r\nDate: Wed, 19 Aug 2015 08:26:12 GMT\r\nConnection: keep-alive\r\n\r\n","requestId":"f338b6e0-464b-11e5-85c0-71fc1d7a95fe"},"duration":15,"msg":"response","time":"2015-08-19T08:26:12.189Z","src":{"file":"/home/parshap/projects/aboutlife/web/lib/log-request.js","line":32},"v":0}
{"name":"aboutweb:scripts:http","hostname":"devbox","pid":26008,"level":30,"req":{"method":"HEAD","url":"/","headers":{"host":"localhost","connection":"close"}},"res":{"statusCode":200,"header":"HTTP/1.1 200 OK\r\nContent-Type: text/javascript; charset=utf-8\r\nContent-Length: 4606394\r\nDate: Wed, 19 Aug 2015 08:26:12 GMT\r\nLast-Modified: Wed, 19 Aug 2015 08:26:02 GMT\r\nETag: f1ce500516614cfc0bc2865972f9c5f750b7cb03\r\nConnection: close\r\n\r\n"},"duration":1,"msg":"response","time":"2015-08-19T08:26:12.195Z","src":{"file":"/home/parshap/projects/aboutlife/web/lib/log-request.js","line":32},"v":0}
{"name":"aboutweb:scripts:http","hostname":"devbox","pid":26008,"level":30,"req":{"method":"GET","url":"/","headers":{"accept":"*/*","accept-encoding":"gzip, deflate, sdch","host":"localhost","connection":"close"}},"res":{"statusCode":200,"header":"HTTP/1.1 200 OK\r\nContent-Type: text/javascript; charset=utf-8\r\nContent-Encoding: gzip\r\nContent-Length: 827069\r\nDate: Wed, 19 Aug 2015 08:26:12 GMT\r\nLast-Modified: Wed, 19 Aug 2015 08:26:02 GMT\r\nETag: f1ce500516614cfc0bc2865972f9c5f750b7cb03\r\nConnection: close\r\n\r\n"},"duration":1,"msg":"response","time":"2015-08-19T08:26:12.201Z","src":{"file":"/home/parshap/projects/aboutlife/web/lib/log-request.js","line":32},"v":0}
{"name":"aboutweb:web:http","hostname":"devbox","pid":26007,"level":30,"req":{"method":"GET","url":"/images/icon/icn-tool-budget.2.png","headers":{"host":"aboutdev:8080","connection":"keep-alive","pragma":"no-cache","cache-control":"no-cache","accept":"image/webp,*/*;q=0.8","user-agent":"Mozilla/5.0 (Macintosh; Intel Mac OS X 10_10_4) AppleWebKit/537.36 (KHTML, like Gecko) Chrome/44.0.2403.130 Safari/537.36","referer":"http://aboutdev:8080/dashboard","accept-encoding":"gzip, deflate, sdch","accept-language":"en-US,en;q=0.8","cookie":"s=eyJ1c2VySWQiOiI1NWNhM2UyM2Q5ZGFkYjQzMzNjOTBhYTMiLCJwYXNzcG9ydCI6e30sImN1cnJlbnRTdGF0ZSI6eyJyZXRpcmVBZ2UiOjY3LCJmaW5pc2hlZFRvb2xzIjpbXX19; s.sig=E_xOMyTVoB55-hth9StbeOlnyoY"},"remoteAddress":"10.1.1.1","remotePort":65519,"requestId":"f33c8770-464b-11e5-85c0-71fc1d7a95fe"},"res":{"statusCode":200,"header":"HTTP/1.1 200 OK\r\nAccess-Control-Allow-Origin: *\r\nAccept-Ranges: bytes\r\nCache-Control: public, max-age=31536000\r\nContent-Type: image/png\r\nContent-Length: 20353\r\nDate: Wed, 19 Aug 2015 08:26:12 GMT\r\nConnection: keep-alive\r\n\r\n","requestId":"f33c8770-464b-11e5-85c0-71fc1d7a95fe"},"duration":3,"msg":"response","time":"2015-08-19T08:26:12.203Z","src":{"file":"/home/parshap/projects/aboutlife/web/lib/log-request.js","line":32},"v":0}
{"name":"aboutweb:styles:http","hostname":"devbox","pid":26009,"level":30,"req":{"method":"HEAD","url":"/","headers":{"host":"localhost","connection":"close"}},"res":{"statusCode":200,"header":"HTTP/1.1 200 OK\r\nContent-Type: text/css; charset=utf-8\r\nContent-Length: 579213\r\nDate: Wed, 19 Aug 2015 08:26:12 GMT\r\nLast-Modified: Wed, 19 Aug 2015 08:25:42 GMT\r\nETag: f73bb239edd5a1d18480f8273ea5b0c618221d48\r\nConnection: close\r\n\r\n"},"duration":5,"msg":"response","time":"2015-08-19T08:26:12.205Z","src":{"file":"/home/parshap/projects/aboutlife/web/lib/log-request.js","line":32},"v":0}
{"name":"aboutweb:styles:http","hostname":"devbox","pid":26009,"level":30,"req":{"method":"GET","url":"/","headers":{"accept":"text/css,*/*;q=0.1","accept-encoding":"gzip, deflate, sdch","host":"localhost","connection":"close"}},"res":{"statusCode":200,"header":"HTTP/1.1 200 OK\r\nContent-Type: text/css; charset=utf-8\r\nContent-Encoding: gzip\r\nContent-Length: 82728\r\nDate: Wed, 19 Aug 2015 08:26:12 GMT\r\nLast-Modified: Wed, 19 Aug 2015 08:25:42 GMT\r\nETag: f73bb239edd5a1d18480f8273ea5b0c618221d48\r\nConnection: close\r\n\r\n"},"duration":2,"msg":"response","time":"2015-08-19T08:26:12.228Z","src":{"file":"/home/parshap/projects/aboutlife/web/lib/log-request.js","line":32},"v":0}
{"name":"aboutweb:web:http","hostname":"devbox","pid":26007,"level":30,"req":{"method":"GET","url":"/images/icon/icn-tool-location.2.png","headers":{"host":"aboutdev:8080","connection":"keep-alive","pragma":"no-cache","cache-control":"no-cache","accept":"image/webp,*/*;q=0.8","user-agent":"Mozilla/5.0 (Macintosh; Intel Mac OS X 10_10_4) AppleWebKit/537.36 (KHTML, like Gecko) Chrome/44.0.2403.130 Safari/537.36","referer":"http://aboutdev:8080/dashboard","accept-encoding":"gzip, deflate, sdch","accept-language":"en-US,en;q=0.8","cookie":"s=eyJ1c2VySWQiOiI1NWNhM2UyM2Q5ZGFkYjQzMzNjOTBhYTMiLCJwYXNzcG9ydCI6e30sImN1cnJlbnRTdGF0ZSI6eyJyZXRpcmVBZ2UiOjY3LCJmaW5pc2hlZFRvb2xzIjpbXX19; s.sig=E_xOMyTVoB55-hth9StbeOlnyoY"},"remoteAddress":"10.1.1.1","remotePort":65519,"requestId":"f3407f10-464b-11e5-85c0-71fc1d7a95fe"},"res":{"statusCode":200,"header":"HTTP/1.1 200 OK\r\nAccess-Control-Allow-Origin: *\r\nAccept-Ranges: bytes\r\nCache-Control: public, max-age=31536000\r\nContent-Type: image/png\r\nContent-Length: 21019\r\nDate: Wed, 19 Aug 2015 08:26:12 GMT\r\nConnection: keep-alive\r\n\r\n","requestId":"f3407f10-464b-11e5-85c0-71fc1d7a95fe"},"duration":6,"msg":"response","time":"2015-08-19T08:26:12.231Z","src":{"file":"/home/parshap/projects/aboutlife/web/lib/log-request.js","line":32},"v":0}
{"name":"aboutweb:web:http","hostname":"devbox","pid":26007,"level":30,"req":{"method":"GET","url":"/styles/f73bb239edd5a1d18480f8273ea5b0c618221d48.css","headers":{"host":"aboutdev:8080","connection":"keep-alive","pragma":"no-cache","cache-control":"no-cache","accept":"text/css,*/*;q=0.1","user-agent":"Mozilla/5.0 (Macintosh; Intel Mac OS X 10_10_4) AppleWebKit/537.36 (KHTML, like Gecko) Chrome/44.0.2403.130 Safari/537.36","referer":"http://aboutdev:8080/dashboard","accept-encoding":"gzip, deflate, sdch","accept-language":"en-US,en;q=0.8","cookie":"s=eyJ1c2VySWQiOiI1NWNhM2UyM2Q5ZGFkYjQzMzNjOTBhYTMiLCJwYXNzcG9ydCI6e30sImN1cnJlbnRTdGF0ZSI6eyJyZXRpcmVBZ2UiOjY3LCJmaW5pc2hlZFRvb2xzIjpbXX19; s.sig=E_xOMyTVoB55-hth9StbeOlnyoY"},"requestId":"f3388fd0-464b-11e5-85c0-71fc1d7a95fe","userId":"55ca3e23d9dadb4333c90aa3"},"res":{"statusCode":200,"header":"HTTP/1.1 200 OK\r\ncache-control: public, max-age=31536000\r\ncontent-type: text/css; charset=utf-8\r\ncontent-encoding: gzip\r\ncontent-length: 82728\r\ndate: Wed, 19 Aug 2015 08:26:12 GMT\r\nlast-modified: Wed, 19 Aug 2015 08:25:42 GMT\r\netag: f73bb239edd5a1d18480f8273ea5b0c618221d48\r\nconnection: close\r\n\r\n","requestId":"f3388fd0-464b-11e5-85c0-71fc1d7a95fe"},"duration":66,"msg":"response","time":"2015-08-19T08:26:12.239Z","src":{"file":"/home/parshap/projects/aboutlife/web/lib/log-request.js","line":32},"v":0}
{"name":"aboutweb:web:http","hostname":"devbox","pid":26007,"level":30,"req":{"method":"GET","url":"/scripts/f1ce500516614cfc0bc2865972f9c5f750b7cb03.js","headers":{"host":"aboutdev:8080","connection":"keep-alive","pragma":"no-cache","cache-control":"no-cache","accept":"*/*","user-agent":"Mozilla/5.0 (Macintosh; Intel Mac OS X 10_10_4) AppleWebKit/537.36 (KHTML, like Gecko) Chrome/44.0.2403.130 Safari/537.36","referer":"http://aboutdev:8080/dashboard","accept-encoding":"gzip, deflate, sdch","accept-language":"en-US,en;q=0.8","cookie":"s=eyJ1c2VySWQiOiI1NWNhM2UyM2Q5ZGFkYjQzMzNjOTBhYTMiLCJwYXNzcG9ydCI6e30sImN1cnJlbnRTdGF0ZSI6eyJyZXRpcmVBZ2UiOjY3LCJmaW5pc2hlZFRvb2xzIjpbXX19; s.sig=E_xOMyTVoB55-hth9StbeOlnyoY"},"remoteAddress":"10.1.1.1","remotePort":65516,"requestId":"f338ddf0-464b-11e5-85c0-71fc1d7a95fe","userId":"55ca3e23d9dadb4333c90aa3"},"res":{"statusCode":200,"header":"HTTP/1.1 200 OK\r\ncache-control: public, max-age=31536000\r\ncontent-type: text/javascript; charset=utf-8\r\ncontent-encoding: gzip\r\ncontent-length: 827069\r\ndate: Wed, 19 Aug 2015 08:26:12 GMT\r\nlast-modified: Wed, 19 Aug 2015 08:26:02 GMT\r\netag: f1ce500516614cfc0bc2865972f9c5f750b7cb03\r\nconnection: close\r\n\r\n","requestId":"f338ddf0-464b-11e5-85c0-71fc1d7a95fe"},"duration":70,"msg":"response","time":"2015-08-19T08:26:12.245Z","src":{"file":"/home/parshap/projects/aboutlife/web/lib/log-request.js","line":32},"v":0}
{"name":"aboutweb:web:http","hostname":"devbox","pid":26007,"level":30,"req":{"method":"GET","url":"/images/icon/icn-tool-social-security.2.png","headers":{"host":"aboutdev:8080","connection":"keep-alive","pragma":"no-cache","cache-control":"no-cache","accept":"image/webp,*/*;q=0.8","user-agent":"Mozilla/5.0 (Macintosh; Intel Mac OS X 10_10_4) AppleWebKit/537.36 (KHTML, like Gecko) Chrome/44.0.2403.130 Safari/537.36","referer":"http://aboutdev:8080/dashboard","accept-encoding":"gzip, deflate, sdch","accept-language":"en-US,en;q=0.8","cookie":"s=eyJ1c2VySWQiOiI1NWNhM2UyM2Q5ZGFkYjQzMzNjOTBhYTMiLCJwYXNzcG9ydCI6e30sImN1cnJlbnRTdGF0ZSI6eyJyZXRpcmVBZ2UiOjY3LCJmaW5pc2hlZFRvb2xzIjpbXX19; s.sig=E_xOMyTVoB55-hth9StbeOlnyoY"},"remoteAddress":"10.1.1.1","remotePort":65519,"requestId":"f342c900-464b-11e5-85c0-71fc1d7a95fe"},"res":{"statusCode":200,"header":"HTTP/1.1 200 OK\r\nAccess-Control-Allow-Origin: *\r\nAccept-Ranges: bytes\r\nCache-Control: public, max-age=31536000\r\nContent-Type: image/png\r\nContent-Length: 24389\r\nDate: Wed, 19 Aug 2015 08:26:12 GMT\r\nConnection: keep-alive\r\n\r\n","requestId":"f342c900-464b-11e5-85c0-71fc1d7a95fe"},"duration":7,"msg":"response","time":"2015-08-19T08:26:12.248Z","src":{"file":"/home/parshap/projects/aboutlife/web/lib/log-request.js","line":32},"v":0}
{"name":"aboutweb:web:http","hostname":"devbox","pid":26007,"level":30,"req":{"method":"GET","url":"/images/badges/norton.png","headers":{"host":"aboutdev:8080","connection":"keep-alive","pragma":"no-cache","cache-control":"no-cache","accept":"image/webp,*/*;q=0.8","user-agent":"Mozilla/5.0 (Macintosh; Intel Mac OS X 10_10_4) AppleWebKit/537.36 (KHTML, like Gecko) Chrome/44.0.2403.130 Safari/537.36","referer":"http://aboutdev:8080/dashboard","accept-encoding":"gzip, deflate, sdch","accept-language":"en-US,en;q=0.8","cookie":"s=eyJ1c2VySWQiOiI1NWNhM2UyM2Q5ZGFkYjQzMzNjOTBhYTMiLCJwYXNzcG9ydCI6e30sImN1cnJlbnRTdGF0ZSI6eyJyZXRpcmVBZ2UiOjY3LCJmaW5pc2hlZFRvb2xzIjpbXX19; s.sig=E_xOMyTVoB55-hth9StbeOlnyoY"},"remoteAddress":"10.1.1.1","remotePort":65511,"requestId":"f3444fa0-464b-11e5-85c0-71fc1d7a95fe"},"res":{"statusCode":200,"header":"HTTP/1.1 200 OK\r\nAccess-Control-Allow-Origin: *\r\nAccept-Ranges: bytes\r\nCache-Control: public, max-age=31536000\r\nContent-Type: image/png\r\nContent-Length: 19840\r\nDate: Wed, 19 Aug 2015 08:26:12 GMT\r\nConnection: keep-alive\r\n\r\n","requestId":"f3444fa0-464b-11e5-85c0-71fc1d7a95fe"},"duration":7,"msg":"response","time":"2015-08-19T08:26:12.257Z","src":{"file":"/home/parshap/projects/aboutlife/web/lib/log-request.js","line":32},"v":0}
{"name":"aboutweb:web:http","hostname":"devbox","pid":26007,"level":30,"req":{"method":"GET","url":"/images/logo.svg","headers":{"host":"aboutdev:8080","connection":"keep-alive","pragma":"no-cache","cache-control":"no-cache","accept":"image/webp,*/*;q=0.8","user-agent":"Mozilla/5.0 (Macintosh; Intel Mac OS X 10_10_4) AppleWebKit/537.36 (KHTML, like Gecko) Chrome/44.0.2403.130 Safari/537.36","referer":"http://aboutdev:8080/styles/f73bb239edd5a1d18480f8273ea5b0c618221d48.css","accept-encoding":"gzip, deflate, sdch","accept-language":"en-US,en;q=0.8","cookie":"s=eyJ1c2VySWQiOiI1NWNhM2UyM2Q5ZGFkYjQzMzNjOTBhYTMiLCJwYXNzcG9ydCI6e30sImN1cnJlbnRTdGF0ZSI6eyJyZXRpcmVBZ2UiOjY3LCJmaW5pc2hlZFRvb2xzIjpbXX19; s.sig=E_xOMyTVoB55-hth9StbeOlnyoY"},"remoteAddress":"10.1.1.1","remotePort":65511,"requestId":"f350d2c0-464b-11e5-85c0-71fc1d7a95fe"},"res":{"statusCode":200,"header":"HTTP/1.1 200 OK\r\nAccess-Control-Allow-Origin: *\r\nAccept-Ranges: bytes\r\nCache-Control: public, max-age=31536000\r\nContent-Type: image/svg+xml\r\nContent-Length: 2017\r\nDate: Wed, 19 Aug 2015 08:26:12 GMT\r\nConnection: keep-alive\r\n\r\n","requestId":"f350d2c0-464b-11e5-85c0-71fc1d7a95fe"},"duration":5,"msg":"response","time":"2015-08-19T08:26:12.337Z","src":{"file":"/home/parshap/projects/aboutlife/web/lib/log-request.js","line":32},"v":0}
{"name":"aboutweb:web:http","hostname":"devbox","pid":26007,"level":30,"req":{"method":"GET","url":"/blog/How-Much-Will-I-Make-in-10-Years/time_is_money_small.jpg","headers":{"host":"aboutdev:8080","connection":"keep-alive","pragma":"no-cache","cache-control":"no-cache","accept":"image/webp,*/*;q=0.8","user-agent":"Mozilla/5.0 (Macintosh; Intel Mac OS X 10_10_4) AppleWebKit/537.36 (KHTML, like Gecko) Chrome/44.0.2403.130 Safari/537.36","referer":"http://aboutdev:8080/dashboard","accept-encoding":"gzip, deflate, sdch","accept-language":"en-US,en;q=0.8","cookie":"s=eyJ1c2VySWQiOiI1NWNhM2UyM2Q5ZGFkYjQzMzNjOTBhYTMiLCJwYXNzcG9ydCI6e30sImN1cnJlbnRTdGF0ZSI6eyJyZXRpcmVBZ2UiOjY3LCJmaW5pc2hlZFRvb2xzIjpbXX19; s.sig=E_xOMyTVoB55-hth9StbeOlnyoY"},"remoteAddress":"10.1.1.1","remotePort":65517,"requestId":"f350f9d0-464b-11e5-85c0-71fc1d7a95fe"},"res":{"statusCode":200,"header":"HTTP/1.1 200 OK\r\nAccess-Control-Allow-Origin: *\r\nAccept-Ranges: bytes\r\nCache-Control: public, max-age=31536000\r\nContent-Type: image/jpeg\r\nContent-Length: 25230\r\nDate: Wed, 19 Aug 2015 08:26:12 GMT\r\nConnection: keep-alive\r\n\r\n","requestId":"f350f9d0-464b-11e5-85c0-71fc1d7a95fe"},"duration":7,"msg":"response","time":"2015-08-19T08:26:12.340Z","src":{"file":"/home/parshap/projects/aboutlife/web/lib/log-request.js","line":32},"v":0}
{"name":"aboutweb:web:http","hostname":"devbox","pid":26007,"level":30,"req":{"method":"GET","url":"/fonts/fontawesome-webfont.woff2?v=4.3.0","headers":{"host":"aboutdev:8080","connection":"keep-alive","pragma":"no-cache","cache-control":"no-cache","user-agent":"Mozilla/5.0 (Macintosh; Intel Mac OS X 10_10_4) AppleWebKit/537.36 (KHTML, like Gecko) Chrome/44.0.2403.130 Safari/537.36","accept":"*/*","referer":"http://aboutdev:8080/styles/f73bb239edd5a1d18480f8273ea5b0c618221d48.css","accept-encoding":"gzip, deflate, sdch","accept-language":"en-US,en;q=0.8","cookie":"s=eyJ1c2VySWQiOiI1NWNhM2UyM2Q5ZGFkYjQzMzNjOTBhYTMiLCJwYXNzcG9ydCI6e30sImN1cnJlbnRTdGF0ZSI6eyJyZXRpcmVBZ2UiOjY3LCJmaW5pc2hlZFRvb2xzIjpbXX19; s.sig=E_xOMyTVoB55-hth9StbeOlnyoY"},"remoteAddress":"10.1.1.1","remotePort":65524,"requestId":"f35120e0-464b-11e5-85c0-71fc1d7a95fe"},"res":{"statusCode":200,"header":"HTTP/1.1 200 OK\r\nAccess-Control-Allow-Origin: *\r\nAccept-Ranges: bytes\r\nCache-Control: public, max-age=31536000\r\nContent-Type: application/font-woff2\r\nContent-Length: 56780\r\nDate: Wed, 19 Aug 2015 08:26:12 GMT\r\nConnection: keep-alive\r\n\r\n","requestId":"f35120e0-464b-11e5-85c0-71fc1d7a95fe"},"duration":10,"msg":"response","time":"2015-08-19T08:26:12.344Z","src":{"file":"/home/parshap/projects/aboutlife/web/lib/log-request.js","line":32},"v":0}
{"name":"aboutweb:web:http","hostname":"devbox","pid":26007,"level":30,"req":{"method":"GET","url":"/blog/How-Do-You-Make-Decisions/choose_post.jpg","headers":{"host":"aboutdev:8080","connection":"keep-alive","pragma":"no-cache","cache-control":"no-cache","accept":"image/webp,*/*;q=0.8","user-agent":"Mozilla/5.0 (Macintosh; Intel Mac OS X 10_10_4) AppleWebKit/537.36 (KHTML, like Gecko) Chrome/44.0.2403.130 Safari/537.36","referer":"http://aboutdev:8080/dashboard","accept-encoding":"gzip, deflate, sdch","accept-language":"en-US,en;q=0.8","cookie":"s=eyJ1c2VySWQiOiI1NWNhM2UyM2Q5ZGFkYjQzMzNjOTBhYTMiLCJwYXNzcG9ydCI6e30sImN1cnJlbnRTdGF0ZSI6eyJyZXRpcmVBZ2UiOjY3LCJmaW5pc2hlZFRvb2xzIjpbXX19; s.sig=E_xOMyTVoB55-hth9StbeOlnyoY"},"remoteAddress":"10.1.1.1","remotePort":65519,"requestId":"f350d2c1-464b-11e5-85c0-71fc1d7a95fe"},"res":{"statusCode":200,"header":"HTTP/1.1 200 OK\r\nAccess-Control-Allow-Origin: *\r\nAccept-Ranges: bytes\r\nCache-Control: public, max-age=31536000\r\nContent-Type: image/jpeg\r\nContent-Length: 97833\r\nDate: Wed, 19 Aug 2015 08:26:12 GMT\r\nConnection: keep-alive\r\n\r\n","requestId":"f350d2c1-464b-11e5-85c0-71fc1d7a95fe"},"duration":15,"msg":"response","time":"2015-08-19T08:26:12.347Z","src":{"file":"/home/parshap/projects/aboutlife/web/lib/log-request.js","line":32},"v":0}
{"name":"aboutweb:web:http","hostname":"devbox","pid":26007,"level":30,"req":{"method":"GET","url":"/blog/12-Tips-To-Get-Mentally-Ready-To-Retire/retirement_selfie_small.png","headers":{"host":"aboutdev:8080","connection":"keep-alive","pragma":"no-cache","cache-control":"no-cache","accept":"image/webp,*/*;q=0.8","user-agent":"Mozilla/5.0 (Macintosh; Intel Mac OS X 10_10_4) AppleWebKit/537.36 (KHTML, like Gecko) Chrome/44.0.2403.130 Safari/537.36","referer":"http://aboutdev:8080/dashboard","accept-encoding":"gzip, deflate, sdch","accept-language":"en-US,en;q=0.8","cookie":"s=eyJ1c2VySWQiOiI1NWNhM2UyM2Q5ZGFkYjQzMzNjOTBhYTMiLCJwYXNzcG9ydCI6e30sImN1cnJlbnRTdGF0ZSI6eyJyZXRpcmVBZ2UiOjY3LCJmaW5pc2hlZFRvb2xzIjpbXX19; s.sig=E_xOMyTVoB55-hth9StbeOlnyoY"},"remoteAddress":"10.1.1.1","remotePort":65525,"requestId":"f35147f0-464b-11e5-85c0-71fc1d7a95fe"},"res":{"statusCode":200,"header":"HTTP/1.1 200 OK\r\nAccess-Control-Allow-Origin: *\r\nAccept-Ranges: bytes\r\nCache-Control: public, max-age=31536000\r\nContent-Type: image/png\r\nContent-Length: 59900\r\nDate: Wed, 19 Aug 2015 08:26:12 GMT\r\nConnection: keep-alive\r\n\r\n","requestId":"f35147f0-464b-11e5-85c0-71fc1d7a95fe"},"duration":16,"msg":"response","time":"2015-08-19T08:26:12.351Z","src":{"file":"/home/parshap/projects/aboutlife/web/lib/log-request.js","line":32},"v":0}
{"name":"aboutweb:web:http","hostname":"devbox","pid":26007,"level":30,"req":{"method":"GET","url":"/blog/You-Should-Get-35k-More-From-Social-Security/social_security_card_money_small.jpg","headers":{"host":"aboutdev:8080","connection":"keep-alive","pragma":"no-cache","cache-control":"no-cache","accept":"image/webp,*/*;q=0.8","user-agent":"Mozilla/5.0 (Macintosh; Intel Mac OS X 10_10_4) AppleWebKit/537.36 (KHTML, like Gecko) Chrome/44.0.2403.130 Safari/537.36","referer":"http://aboutdev:8080/dashboard","accept-encoding":"gzip, deflate, sdch","accept-language":"en-US,en;q=0.8","cookie":"s=eyJ1c2VySWQiOiI1NWNhM2UyM2Q5ZGFkYjQzMzNjOTBhYTMiLCJwYXNzcG9ydCI6e30sImN1cnJlbnRTdGF0ZSI6eyJyZXRpcmVBZ2UiOjY3LCJmaW5pc2hlZFRvb2xzIjpbXX19; s.sig=E_xOMyTVoB55-hth9StbeOlnyoY"},"remoteAddress":"10.1.1.1","remotePort":65511,"requestId":"f3525960-464b-11e5-85c0-71fc1d7a95fe"},"res":{"statusCode":200,"header":"HTTP/1.1 200 OK\r\nAccess-Control-Allow-Origin: *\r\nAccept-Ranges: bytes\r\nCache-Control: public, max-age=31536000\r\nContent-Type: image/jpeg\r\nContent-Length: 34578\r\nDate: Wed, 19 Aug 2015 08:26:12 GMT\r\nConnection: keep-alive\r\n\r\n","requestId":"f3525960-464b-11e5-85c0-71fc1d7a95fe"},"duration":11,"msg":"response","time":"2015-08-19T08:26:12.353Z","src":{"file":"/home/parshap/projects/aboutlife/web/lib/log-request.js","line":32},"v":0}
{"name":"aboutweb:web:http","hostname":"devbox","pid":26007,"level":30,"req":{"method":"POST","url":"/api/user/rpc/forecast-minretireage","headers":{"host":"aboutdev:8080","connection":"keep-alive","content-length":"26179","accept":"application/json","origin":"http://aboutdev:8080","x-requested-with":"XMLHttpRequest","user-agent":"Mozilla/5.0 (Macintosh; Intel Mac OS X 10_10_4) AppleWebKit/537.36 (KHTML, like Gecko) Chrome/44.0.2403.130 Safari/537.36","content-type":"application/json","referer":"http://aboutdev:8080/dashboard","accept-encoding":"gzip, deflate","accept-language":"en-US,en;q=0.8","cookie":"s=eyJ1c2VySWQiOiI1NWNhM2UyM2Q5ZGFkYjQzMzNjOTBhYTMiLCJwYXNzcG9ydCI6e30sImN1cnJlbnRTdGF0ZSI6eyJyZXRpcmVBZ2UiOjY3LCJmaW5pc2hlZFRvb2xzIjpbXX19; s.sig=E_xOMyTVoB55-hth9StbeOlnyoY"},"remoteAddress":"10.1.1.1","remotePort":65511,"requestId":"f4724850-464b-11e5-85c0-71fc1d7a95fe","userId":"55ca3e23d9dadb4333c90aa3"},"res":{"statusCode":200,"header":"HTTP/1.1 200 OK\r\nContent-Type: application/json; charset=utf-8\r\nContent-Length: 10586\r\nETag: W/\"295a-YHAsSMOHSotCq5UeQbwFKQ\"\r\nDate: Wed, 19 Aug 2015 08:26:15 GMT\r\nConnection: keep-alive\r\n\r\n","requestId":"f4724850-464b-11e5-85c0-71fc1d7a95fe"},"duration":943,"msg":"response","time":"2015-08-19T08:26:15.172Z","src":{"file":"/home/parshap/projects/aboutlife/web/lib/log-request.js","line":32},"v":0}
